// Jest Snapshot v1, https://goo.gl/fbAQLP

exports[`should render create expense page properly 1`] = `
<div>
  <p>
    Add
  </p>
  <ExpenseForm
    onSubmit={[Function]}
  />
</div>
`;
